   1               		.file	"sys_arch.c"
   2               	__SREG__ = 0x3f
   3               	__SP_H__ = 0x3e
   4               	__SP_L__ = 0x3d
   5               	__CCP__  = 0x34
   6               	__tmp_reg__ = 0
   7               	__zero_reg__ = 1
  15               	.Ltext0:
  16               		.section	.text.sys_arch_protect,"ax",@progbits
  17               	.global	sys_arch_protect
  19               	sys_arch_protect:
  20               	.LFB2:
  21               	.LSM0:
  22               	/* prologue: function */
  23               	/* frame size = 0 */
  24               	.LSM1:
  25 0000 8FB7      		in r24,__SREG__
  26               	.LVL0:
  27 0002 8078      		andi r24,lo8(-128)
  28 0004 01F0      		breq .L2
  29               	.LSM2:
  30               	/* #APP */
  31               	 ;  72 "../../libs/lwip/ports/enc28j60/sys_arch.c" 1
  32 0006 F894      		cli
  33               	 ;  0 "" 2
  34               	/* #NOAPP */
  35               	.L2:
  36               	.LVL1:
  37               	.LSM3:
  38 0008 0895      		ret
  39               	.LFE2:
  41               		.section	.text.sys_arch_unprotect,"ax",@progbits
  42               	.global	sys_arch_unprotect
  44               	sys_arch_unprotect:
  45               	.LFB3:
  46               	.LSM4:
  47               	.LVL2:
  48               	/* prologue: function */
  49               	/* frame size = 0 */
  50               	.LSM5:
  51 0000 8823      		tst r24
  52 0002 01F0      		breq .L6
  53               	.LSM6:
  54               	/* #APP */
  55               	 ;  95 "../../libs/lwip/ports/enc28j60/sys_arch.c" 1
  56 0004 7894      		sei
  57               	 ;  0 "" 2
  58               	/* #NOAPP */
  59               	.L6:
  60 0006 0895      		ret
  61               	.LFE3:
  95               	.Letext0:
DEFINED SYMBOLS
                            *ABS*:00000000 sys_arch.c
C:\DOCUME~1\ADMINI~1\LOCALS~1\Temp/cc5GZXEd.s:2      *ABS*:0000003f __SREG__
C:\DOCUME~1\ADMINI~1\LOCALS~1\Temp/cc5GZXEd.s:3      *ABS*:0000003e __SP_H__
C:\DOCUME~1\ADMINI~1\LOCALS~1\Temp/cc5GZXEd.s:4      *ABS*:0000003d __SP_L__
C:\DOCUME~1\ADMINI~1\LOCALS~1\Temp/cc5GZXEd.s:5      *ABS*:00000034 __CCP__
C:\DOCUME~1\ADMINI~1\LOCALS~1\Temp/cc5GZXEd.s:6      *ABS*:00000000 __tmp_reg__
C:\DOCUME~1\ADMINI~1\LOCALS~1\Temp/cc5GZXEd.s:7      *ABS*:00000001 __zero_reg__
C:\DOCUME~1\ADMINI~1\LOCALS~1\Temp/cc5GZXEd.s:19     .text.sys_arch_protect:00000000 sys_arch_protect
C:\DOCUME~1\ADMINI~1\LOCALS~1\Temp/cc5GZXEd.s:44     .text.sys_arch_unprotect:00000000 sys_arch_unprotect

NO UNDEFINED SYMBOLS
